// Jest Snapshot v1, https://goo.gl/fbAQLP

exports[`Answer Component should match test snapshot 1`] = `
<div
  className="answer container"
>
  <div
    className="row"
  >
    <div
      className="answerBody col"
    >
      A: 
      I've thrown it in the wash and it seems fine
    </div>
  </div>
  <div
    className="row"
  >
    <div
      className="col"
    >
      by 
      skilover
      , 
      January 04, 2017
    </div>
  </div>
  <div
    className="answerThumbnailDiv row"
  >
    <div
      className="answerThumbnailContainer"
    >
      <img
        className="answerThumbnail"
        src="https://images.unsplash.com/photo-1510551310160-589462daf284?ixlib=rb-1.2.1&ixid=eyJhcHBfaWQiOjEyMDd9&auto=format&fit=crop&w=1649&q=80"
      />
    </div>
    <div
      className="answerThumbnailContainer"
    >
      <img
        className="answerThumbnail"
        src="https://images.unsplash.com/photo-1469504512102-900f29606341?ixlib=rb-1.2.1&ixid=eyJhcHBfaWQiOjEyMDd9&auto=format&fit=crop&w=668&q=80"
      />
    </div>
  </div>
  <div
    className="row"
  >
    <div
      className="aButtonCol col"
    >
      <span>
        Helpful? 
      </span>
      <button
        className="aHelpfulBtn btn btn-outline-dark btn-sm"
        disabled={false}
        onClick={[Function]}
        type="button"
      >
        Yes (
        9
        )
      </button>
      <button
        className="aReportBtn btn btn-outline-dark btn-sm"
        disabled={false}
        onClick={[Function]}
        type="button"
      >
        Report
      </button>
    </div>
  </div>
</div>
`;
