// Jest Snapshot v1, https://goo.gl/fbAQLP

exports[`Question Component should match test snapshot 1`] = `
<div
  className="questionDiv"
>
  <div
    className="question container"
  >
    <div
      className="row"
    >
      <div
        className="col-auto"
      >
        <h5>
          Q: 
          Can I wash it?
        </h5>
      </div>
    </div>
    <div
      className="row"
    >
      <div
        className="qButtonRow col"
      >
        <span>
          Helpful? 
        </span>
         
        <button
          className="qHelpfulBtn btn btn-outline-dark btn-sm"
          disabled={false}
          onClick={[Function]}
          type="button"
        >
          Yes (
          23
          )
        </button>
        <button
          className="qReportBtn btn btn-outline-dark btn-sm"
          disabled={false}
          onClick={[Function]}
          type="button"
        >
          Report
        </button>
      </div>
    </div>
    <div
      className="answerRow row"
    >
      <div
        className="answerCol col"
      >
        <div
          className="answerContainer"
        >
          <span />
          <div
            className="answer container"
          >
            <div
              className="row"
            >
              <div
                className="answerBody col"
              >
                A: 
                I've thrown it in the wash and it seems fine
              </div>
            </div>
            <div
              className="row"
            >
              <div
                className="col"
              >
                by 
                skilover
                , 
                January 04, 2017
              </div>
            </div>
            <div
              className="thumbnailDiv row"
            >
              <div
                className="thumbnailContainer"
              >
                <img
                  className="thumbnail"
                />
              </div>
              <div
                className="thumbnailContainer"
              >
                <img
                  className="thumbnail"
                />
              </div>
            </div>
            <div
              className="row"
            >
              <div
                className="aButtonCol col"
              >
                <span>
                  Helpful? 
                </span>
                <button
                  className="aHelpfulBtn btn btn-outline-dark btn-sm"
                  disabled={false}
                  onClick={[Function]}
                  type="button"
                >
                  Yes (
                  9
                  )
                </button>
                <button
                  className="aReportBtn btn btn-outline-dark btn-sm"
                  disabled={false}
                  onClick={[Function]}
                  type="button"
                >
                  Report
                </button>
              </div>
            </div>
          </div>
          <div
            className="answer container"
          >
            <div
              className="row"
            >
              <div
                className="answerBody col"
              >
                A: 
                It says not to
              </div>
            </div>
            <div
              className="row"
            >
              <div
                className="col"
              >
                by 
                skilover
                , 
                January 04, 2017
              </div>
            </div>
            <div
              className="thumbnailDiv row"
            />
            <div
              className="row"
            >
              <div
                className="aButtonCol col"
              >
                <span>
                  Helpful? 
                </span>
                <button
                  className="aHelpfulBtn btn btn-outline-dark btn-sm"
                  disabled={false}
                  onClick={[Function]}
                  type="button"
                >
                  Yes (
                  5
                  )
                </button>
                <button
                  className="aReportBtn btn btn-outline-dark btn-sm"
                  disabled={false}
                  onClick={[Function]}
                  type="button"
                >
                  Report
                </button>
              </div>
            </div>
          </div>
        </div>
      </div>
    </div>
    <div
      className="moreAnswersRow row"
    >
      <button
        className="moreAnswers btn btn-outline-dark"
        disabled={false}
        onClick={[Function]}
        type="button"
      >
        See More Answers
      </button>
    </div>
    <div
      className="submitAnswerRow row"
    >
      <div
        className="submitAnswer"
      >
        <div
          className="submitAButton"
        >
          <button
            className="btn btn-outline-dark"
            disabled={false}
            onClick={[Function]}
            type="button"
          >
            Submit Answer
          </button>
        </div>
      </div>
    </div>
  </div>
</div>
`;
